This file contains any messages produced by compilers while
running configure, to aid debugging if configure makes a mistake.

It was created by PFFT configure 1.0.8-alpha, which was
generated by GNU Autoconf 2.69.  Invocation command line was

  $ ./configure --prefix=/home/loayza/Documents/Research/cosmolattice/dependencies/MyLibs --with-fftw3=/home/loayza/Documents/Research/cosmolattice/dependencies/MyLibs --disable-fortran --disable-shared --enable-static

## --------- ##
## Platform. ##
## --------- ##

hostname = fzulenovo
uname -m = x86_64
uname -r = 6.17.0-7-generic
uname -s = Linux
uname -v = #7-Ubuntu SMP PREEMPT_DYNAMIC Sat Oct 18 10:10:29 UTC 2025

/usr/bin/uname -p = unknown
/bin/uname -X     = unknown

/bin/arch              = x86_64
/usr/bin/arch -k       = unknown
/usr/convex/getsysinfo = unknown
/usr/bin/hostinfo      = unknown
/bin/machine           = unknown
/usr/bin/oslevel       = unknown
/bin/universe          = unknown

PATH: /usr/local/sbin
PATH: /usr/local/bin
PATH: /usr/sbin
PATH: /usr/bin
PATH: /sbin
PATH: /bin
PATH: /usr/games
PATH: /usr/local/games
PATH: /snap/bin
PATH: /snap/bin


## ----------- ##
## Core tests. ##
## ----------- ##

configure:2717: ****************************************************************
configure:2719: *      Configuring in common/pfft                              *
configure:2721: ****************************************************************
configure:2766: checking build system type
configure:2780: result: x86_64-unknown-linux-gnu
configure:2800: checking host system type
configure:2813: result: x86_64-unknown-linux-gnu
configure:2851: checking for a BSD-compatible install
configure:2919: result: /usr/bin/install -c
configure:2930: checking whether build environment is sane
configure:2985: result: yes
configure:3136: checking for a thread-safe mkdir -p
configure:3175: result: build-aux/install-sh -c -d
configure:3182: checking for gawk
configure:3198: found /usr/bin/gawk
configure:3209: result: gawk
configure:3220: checking whether make sets $(MAKE)
configure:3242: result: yes
configure:3271: checking whether make supports nested variables
configure:3288: result: yes
configure:3599: checking for style of include used by make
configure:3627: result: GNU
configure:3807: checking for gcc
configure:3834: result: mpicc
configure:4063: checking for C compiler version
configure:4072: mpicc --version >&5
gcc (Ubuntu 15.2.0-4ubuntu4) 15.2.0
Copyright (C) 2025 Free Software Foundation, Inc.
This is free software; see the source for copying conditions.  There is NO
warranty; not even for MERCHANTABILITY or FITNESS FOR A PARTICULAR PURPOSE.

configure:4083: $? = 0
configure:4072: mpicc -v >&5
mpicc for MPICH version 4.2.1
Using built-in specs.
COLLECT_GCC=gcc
COLLECT_LTO_WRAPPER=/usr/libexec/gcc/x86_64-linux-gnu/15/lto-wrapper
OFFLOAD_TARGET_NAMES=nvptx-none:amdgcn-amdhsa
OFFLOAD_TARGET_DEFAULT=1
Target: x86_64-linux-gnu
Configured with: ../src/configure -v --with-pkgversion='Ubuntu 15.2.0-4ubuntu4' --with-bugurl=file:///usr/share/doc/gcc-15/README.Bugs --enable-languages=c,ada,c++,go,d,fortran,objc,obj-c++,m2,rust,cobol,algol68 --prefix=/usr --with-gcc-major-version-only --program-suffix=-15 --program-prefix=x86_64-linux-gnu- --enable-shared --enable-linker-build-id --libexecdir=/usr/libexec --without-included-gettext --enable-threads=posix --libdir=/usr/lib --enable-nls --enable-bootstrap --enable-clocale=gnu --enable-libstdcxx-debug --enable-libstdcxx-time=yes --with-default-libstdcxx-abi=new --enable-libstdcxx-backtrace --enable-gnu-unique-object --disable-vtable-verify --enable-plugin --enable-default-pie --with-system-zlib --enable-libphobos-checking=release --with-target-system-zlib=auto --enable-objc-gc=auto --enable-multiarch --disable-werror --enable-cet --with-arch-32=i686 --with-abi=m64 --with-multilib-list=m32,m64,mx32 --enable-multilib --with-tune=generic --enable-offload-targets=nvptx-none=/build/gcc-15-deiAlw/gcc-15-15.2.0/debian/tmp-nvptx/usr,amdgcn-amdhsa=/build/gcc-15-deiAlw/gcc-15-15.2.0/debian/tmp-gcn/usr --enable-offload-defaulted --without-cuda-driver --enable-checking=release --build=x86_64-linux-gnu --host=x86_64-linux-gnu --target=x86_64-linux-gnu --with-build-config=bootstrap-lto-lean --enable-link-serialization=2
Thread model: posix
Supported LTO compression algorithms: zlib zstd
gcc version 15.2.0 (Ubuntu 15.2.0-4ubuntu4) 
... rest of stderr output deleted ...
configure:4083: $? = 0
configure:4072: mpicc -V >&5
gcc: error: unrecognized command-line option '-V'
configure:4083: $? = 1
configure:4072: mpicc -qversion >&5
gcc: error: unrecognized command-line option '-qversion'; did you mean '--version'?
configure:4083: $? = 1
configure:4103: checking whether the C compiler works
configure:4125: mpicc -g3  -L/home/loayza/Documents/Research/cosmolattice/dependencies/MyLibs/lib conftest.c -lfftw3_mpi -lfftw3 >&5
configure:4129: $? = 0
configure:4177: result: yes
configure:4180: checking for C compiler default output file name
configure:4182: result: a.out
configure:4188: checking for suffix of executables
configure:4195: mpicc -o conftest -g3  -L/home/loayza/Documents/Research/cosmolattice/dependencies/MyLibs/lib conftest.c -lfftw3_mpi -lfftw3 >&5
configure:4199: $? = 0
configure:4221: result: 
configure:4243: checking whether we are cross compiling
configure:4251: mpicc -o conftest -g3  -L/home/loayza/Documents/Research/cosmolattice/dependencies/MyLibs/lib conftest.c -lfftw3_mpi -lfftw3 >&5
configure:4255: $? = 0
configure:4262: ./conftest
configure:4266: $? = 0
configure:4281: result: no
configure:4286: checking for suffix of object files
configure:4308: mpicc -c -g3  conftest.c >&5
configure:4312: $? = 0
configure:4333: result: o
configure:4337: checking whether we are using the GNU C compiler
configure:4356: mpicc -c -g3  conftest.c >&5
configure:4356: $? = 0
configure:4365: result: yes
configure:4374: checking whether mpicc accepts -g
configure:4394: mpicc -c -g  conftest.c >&5
configure:4394: $? = 0
configure:4435: result: yes
configure:4452: checking for mpicc option to accept ISO C89
configure:4515: mpicc  -c -g3  conftest.c >&5
conftest.c: In function 'e':
conftest.c:18:14: warning: old-style function definition [-Wold-style-definition]
   18 | static char *e (p, i)
      |              ^
configure:4515: $? = 0
configure:4528: result: none needed
configure:4550: checking dependency style of mpicc
configure:4661: result: gcc3
configure:4703: checking for function MPI_Init
configure:4728: mpicc -o conftest -g3  -L/home/loayza/Documents/Research/cosmolattice/dependencies/MyLibs/lib conftest.c -lfftw3_mpi -lfftw3 >&5
configure:4728: $? = 0
configure:4735: result: yes
configure:4746: checking for mpi.h
configure:4759: mpicc -c -g3  conftest.c >&5
configure:4759: $? = 0
configure:4760: result: yes
configure:4803: checking for mpicc option to accept ISO C99
configure:4952: mpicc  -c -g3  conftest.c >&5
configure:4952: $? = 0
configure:4965: result: none needed
configure:4982: checking for inline
configure:4998: mpicc -c -g3  conftest.c >&5
configure:4998: $? = 0
configure:5006: result: inline
configure:7135: checking how to print strings
configure:7162: result: printf
configure:7183: checking for a sed that does not truncate output
configure:7247: result: /usr/bin/sed
configure:7265: checking for grep that handles long lines and -e
configure:7323: result: /usr/bin/grep
configure:7328: checking for egrep
configure:7390: result: /usr/bin/grep -E
configure:7395: checking for fgrep
configure:7457: result: /usr/bin/grep -F
configure:7492: checking for ld used by mpicc
configure:7559: result: /usr/bin/x86_64-linux-gnu-ld
configure:7566: checking if the linker (/usr/bin/x86_64-linux-gnu-ld) is GNU ld
configure:7581: result: yes
configure:7593: checking for BSD- or MS-compatible name lister (nm)
configure:7642: result: /usr/bin/nm -B
configure:7772: checking the name lister (/usr/bin/nm -B) interface
configure:7779: mpicc -c -g3  conftest.c >&5
configure:7782: /usr/bin/nm -B "conftest.o"
configure:7785: output
0000000000000000 B some_variable
0000000000000000 n wm4.0.266f34e6189184e0ef8d66523ffd0315
0000000000000000 n wm4.stdcpredef.h.19.88fdbfd5cf6f83ed579effc3e425f09b
configure:7792: result: BSD nm
configure:7795: checking whether ln -s works
configure:7799: result: yes
configure:7807: checking the maximum length of command line arguments
configure:7937: result: 1572864
configure:7954: checking whether the shell understands some XSI constructs
configure:7964: result: yes
configure:7968: checking whether the shell understands "+="
configure:7974: result: yes
configure:8009: checking how to convert x86_64-unknown-linux-gnu file names to x86_64-unknown-linux-gnu format
configure:8049: result: func_convert_file_noop
configure:8056: checking how to convert x86_64-unknown-linux-gnu file names to toolchain format
configure:8076: result: func_convert_file_noop
configure:8083: checking for /usr/bin/x86_64-linux-gnu-ld option to reload object files
configure:8090: result: -r
configure:8164: checking for objdump
configure:8180: found /usr/bin/objdump
configure:8191: result: objdump
configure:8220: checking how to recognize dependent libraries
configure:8422: result: pass_all
configure:8507: checking for dlltool
configure:8537: result: no
configure:8564: checking how to associate runtime and link libraries
configure:8591: result: printf %s\n
configure:8651: checking for ar
configure:8667: found /usr/bin/ar
configure:8678: result: ar
configure:8715: checking for archiver @FILE support
configure:8740: mpicc -c -g3  conftest.c >&5
configure:8740: $? = 0
configure:8743: ar cru libconftest.a @conftest.lst >&5
ar: `u' modifier ignored since `D' is the default (see `U')
configure:8746: $? = 0
configure:8751: ar cru libconftest.a @conftest.lst >&5
ar: `u' modifier ignored since `D' is the default (see `U')
ar: conftest.o: No such file or directory
configure:8754: $? = 1
configure:8766: result: @
configure:8824: checking for strip
configure:8840: found /usr/bin/strip
configure:8851: result: strip
configure:8923: checking for ranlib
configure:8939: found /usr/bin/ranlib
configure:8950: result: ranlib
configure:9052: checking command to parse /usr/bin/nm -B output from mpicc object
configure:9172: mpicc -c -g3  conftest.c >&5
configure:9175: $? = 0
configure:9179: /usr/bin/nm -B conftest.o \| sed -n -e 's/^.*[ ]\([ABCDGIRSTW][ABCDGIRSTW]*\)[ ][ ]*\([_A-Za-z][_A-Za-z0-9]*\)$/\1 \2 \2/p' | sed '/ __gnu_lto/d' \> conftest.nm
configure:9182: $? = 0
configure:9248: mpicc -o conftest -g3  -L/home/loayza/Documents/Research/cosmolattice/dependencies/MyLibs/lib conftest.c conftstm.o >&5
configure:9251: $? = 0
configure:9289: result: ok
configure:9326: checking for sysroot
configure:9356: result: no
configure:9433: mpicc -c -g3  conftest.c >&5
configure:9436: $? = 0
configure:9620: checking for mt
configure:9636: found /usr/bin/mt
configure:9647: result: mt
configure:9670: checking if mt is a manifest tool
configure:9676: mt '-?'
configure:9684: result: no
configure:10334: checking how to run the C preprocessor
configure:10365: mpicc -E  conftest.c
configure:10365: $? = 0
configure:10379: mpicc -E  conftest.c
conftest.c:14:10: fatal error: ac_nonexistent.h: No such file or directory
   14 | #include <ac_nonexistent.h>
      |          ^~~~~~~~~~~~~~~~~~
compilation terminated.
configure:10379: $? = 1
configure: failed program was:
| /* confdefs.h */
| #define PACKAGE_NAME "PFFT"
| #define PACKAGE_TARNAME "pfft"
| #define PACKAGE_VERSION "1.0.8-alpha"
| #define PACKAGE_STRING "PFFT 1.0.8-alpha"
| #define PACKAGE_BUGREPORT "michael.pippig@mathematik.tu-chemnitz.de"
| #define PACKAGE_URL "http://www.tu-chemnitz.de/~mpip/software/"
| #define PACKAGE "pfft"
| #define VERSION "1.0.8-alpha"
| #define PFFT_PREC_DOUBLE 1
| #define HAVE_MPI 1
| #define DISABLE_FORTRAN 1
| /* end confdefs.h.  */
| #include <ac_nonexistent.h>
configure:10404: result: mpicc -E
configure:10424: mpicc -E  conftest.c
configure:10424: $? = 0
configure:10438: mpicc -E  conftest.c
conftest.c:14:10: fatal error: ac_nonexistent.h: No such file or directory
   14 | #include <ac_nonexistent.h>
      |          ^~~~~~~~~~~~~~~~~~
compilation terminated.
configure:10438: $? = 1
configure: failed program was:
| /* confdefs.h */
| #define PACKAGE_NAME "PFFT"
| #define PACKAGE_TARNAME "pfft"
| #define PACKAGE_VERSION "1.0.8-alpha"
| #define PACKAGE_STRING "PFFT 1.0.8-alpha"
| #define PACKAGE_BUGREPORT "michael.pippig@mathematik.tu-chemnitz.de"
| #define PACKAGE_URL "http://www.tu-chemnitz.de/~mpip/software/"
| #define PACKAGE "pfft"
| #define VERSION "1.0.8-alpha"
| #define PFFT_PREC_DOUBLE 1
| #define HAVE_MPI 1
| #define DISABLE_FORTRAN 1
| /* end confdefs.h.  */
| #include <ac_nonexistent.h>
configure:10467: checking for ANSI C header files
configure:10495: mpicc -c -g3  conftest.c >&5
configure:10495: $? = 0
configure:10568: mpicc -o conftest -g3  -L/home/loayza/Documents/Research/cosmolattice/dependencies/MyLibs/lib conftest.c -lfftw3_mpi -lfftw3 >&5
configure:10568: $? = 0
configure:10568: ./conftest
configure:10568: $? = 0
configure:10579: result: yes
configure:10592: checking for sys/types.h
configure:10592: mpicc -c -g3  conftest.c >&5
configure:10592: $? = 0
configure:10592: result: yes
configure:10592: checking for sys/stat.h
configure:10592: mpicc -c -g3  conftest.c >&5
configure:10592: $? = 0
configure:10592: result: yes
configure:10592: checking for stdlib.h
configure:10592: mpicc -c -g3  conftest.c >&5
configure:10592: $? = 0
configure:10592: result: yes
configure:10592: checking for string.h
configure:10592: mpicc -c -g3  conftest.c >&5
configure:10592: $? = 0
configure:10592: result: yes
configure:10592: checking for memory.h
configure:10592: mpicc -c -g3  conftest.c >&5
configure:10592: $? = 0
configure:10592: result: yes
configure:10592: checking for strings.h
configure:10592: mpicc -c -g3  conftest.c >&5
configure:10592: $? = 0
configure:10592: result: yes
configure:10592: checking for inttypes.h
configure:10592: mpicc -c -g3  conftest.c >&5
configure:10592: $? = 0
configure:10592: result: yes
configure:10592: checking for stdint.h
configure:10592: mpicc -c -g3  conftest.c >&5
configure:10592: $? = 0
configure:10592: result: yes
configure:10592: checking for unistd.h
configure:10592: mpicc -c -g3  conftest.c >&5
configure:10592: $? = 0
configure:10592: result: yes
configure:10606: checking for dlfcn.h
configure:10606: mpicc -c -g3  conftest.c >&5
configure:10606: $? = 0
configure:10606: result: yes
configure:11120: checking for objdir
configure:11135: result: .libs
configure:11406: checking if mpicc supports -fno-rtti -fno-exceptions
configure:11424: mpicc -c -g3  -fno-rtti -fno-exceptions conftest.c >&5
cc1: warning: command-line option '-fno-rtti' is valid for C++/D/ObjC++ but not for C
configure:11428: $? = 0
configure:11441: result: no
configure:11768: checking for mpicc option to produce PIC
configure:11775: result: -fPIC -DPIC
configure:11783: checking if mpicc PIC flag -fPIC -DPIC works
configure:11801: mpicc -c -g3  -fPIC -DPIC -DPIC conftest.c >&5
configure:11805: $? = 0
configure:11818: result: yes
configure:11847: checking if mpicc static flag -static works
configure:11875: result: yes
configure:11890: checking if mpicc supports -c -o file.o
configure:11911: mpicc -c -g3  -o out/conftest2.o conftest.c >&5
configure:11915: $? = 0
configure:11937: result: yes
configure:11945: checking if mpicc supports -c -o file.o
configure:11992: result: yes
configure:12025: checking whether the mpicc linker (/usr/bin/x86_64-linux-gnu-ld -m elf_x86_64) supports shared libraries
configure:13194: result: yes
configure:13434: checking dynamic linker characteristics
configure:13953: mpicc -o conftest -g3  -L/home/loayza/Documents/Research/cosmolattice/dependencies/MyLibs/lib -Wl,-rpath -Wl,/foo conftest.c -lfftw3_mpi -lfftw3 >&5
configure:13953: $? = 0
configure:14175: result: GNU/Linux ld.so
configure:14282: checking how to hardcode library paths into programs
configure:14307: result: immediate
configure:14887: checking whether stripping libraries is possible
configure:14892: result: yes
configure:14927: checking if libtool supports shared libraries
configure:14929: result: yes
configure:14932: checking whether to build shared libraries
configure:14953: result: no
configure:14956: checking whether to build static libraries
configure:14960: result: yes
configure:17905: checking for sincos in -lm
configure:17938: mpicc -o conftest -g3  -L/home/loayza/Documents/Research/cosmolattice/dependencies/MyLibs/lib conftest.c -lm  -lfftw3_mpi -lfftw3 >&5
conftest.c:33:6: warning: conflicting types for built-in function 'sincos'; expected 'void(double,  double *, double *)' [-Wbuiltin-declaration-mismatch]
   33 | char sincos ();
      |      ^~~~~~
conftest.c:1:1: note: 'sincos' is declared in header '<math.h>'
    1 | /* confdefs.h */
configure:17938: $? = 0
configure:17947: result: yes
configure:17962: checking for OpenMP flag of C compiler
configure:18006: mpicc -o conftest -g3 -fopenmp  -L/home/loayza/Documents/Research/cosmolattice/dependencies/MyLibs/lib conftest.c -lm -lfftw3_mpi -lfftw3 >&5
configure:18006: $? = 0
configure:18015: result: -fopenmp
configure:18930: checking whether directory /home/loayza/Documents/Research/cosmolattice/dependencies/MyLibs/include exists
configure:18933: result: yes
configure:18954: checking whether directory /home/loayza/Documents/Research/cosmolattice/dependencies/MyLibs/lib exists
configure:18957: result: yes
configure:19023: checking fftw3.h usability
configure:19023: mpicc -c -g3 -fopenmp  -I/home/loayza/Documents/Research/cosmolattice/dependencies/MyLibs/include conftest.c >&5
configure:19023: $? = 0
configure:19023: result: yes
configure:19023: checking fftw3.h presence
configure:19023: mpicc -E  -I/home/loayza/Documents/Research/cosmolattice/dependencies/MyLibs/include conftest.c
configure:19023: $? = 0
configure:19023: result: yes
configure:19023: checking for fftw3.h
configure:19023: result: yes
configure:19029: checking fftw3-mpi.h usability
configure:19029: mpicc -c -g3 -fopenmp  -I/home/loayza/Documents/Research/cosmolattice/dependencies/MyLibs/include conftest.c >&5
configure:19029: $? = 0
configure:19029: result: yes
configure:19029: checking fftw3-mpi.h presence
configure:19029: mpicc -E  -I/home/loayza/Documents/Research/cosmolattice/dependencies/MyLibs/include conftest.c
configure:19029: $? = 0
configure:19029: result: yes
configure:19029: checking for fftw3-mpi.h
configure:19029: result: yes
configure:19040: checking for fftw_execute in -lfftw3
configure:19073: mpicc -o conftest -g3 -fopenmp  -I/home/loayza/Documents/Research/cosmolattice/dependencies/MyLibs/include -L/home/loayza/Documents/Research/cosmolattice/dependencies/MyLibs/lib -L/home/loayza/Documents/Research/cosmolattice/dependencies/MyLibs/lib conftest.c -lfftw3  -lm -lfftw3_mpi -lfftw3 >&5
configure:19073: $? = 0
configure:19083: result: yes
configure:19099: checking for fftw_init_threads in -lfftw3_threads
configure:19132: mpicc -o conftest -g3 -fopenmp  -I/home/loayza/Documents/Research/cosmolattice/dependencies/MyLibs/include -L/home/loayza/Documents/Research/cosmolattice/dependencies/MyLibs/lib -L/home/loayza/Documents/Research/cosmolattice/dependencies/MyLibs/lib conftest.c -lfftw3_threads  -lfftw3 -lm -lfftw3_mpi -lfftw3 >&5
configure:19132: $? = 0
configure:19142: result: yes
configure:19159: checking for fftw_mpi_init in -lfftw3_mpi
configure:19192: mpicc -o conftest -g3 -fopenmp  -I/home/loayza/Documents/Research/cosmolattice/dependencies/MyLibs/include -L/home/loayza/Documents/Research/cosmolattice/dependencies/MyLibs/lib -L/home/loayza/Documents/Research/cosmolattice/dependencies/MyLibs/lib conftest.c -lfftw3_mpi  -lfftw3_threads -lfftw3 -lm -lfftw3_mpi -lfftw3 >&5
configure:19192: $? = 0
configure:19202: result: yes
configure:20960: checking for ptrdiff_t
configure:20960: mpicc -c -g3   -I/home/loayza/Documents/Research/cosmolattice/dependencies/MyLibs/include conftest.c >&5
configure:20960: $? = 0
configure:20960: mpicc -c -g3   -I/home/loayza/Documents/Research/cosmolattice/dependencies/MyLibs/include conftest.c >&5
conftest.c: In function 'main':
conftest.c:76:24: error: expected expression before ')' token
   76 | if (sizeof ((ptrdiff_t)))
      |                        ^
configure:20960: $? = 1
configure: failed program was:
| /* confdefs.h */
| #define PACKAGE_NAME "PFFT"
| #define PACKAGE_TARNAME "pfft"
| #define PACKAGE_VERSION "1.0.8-alpha"
| #define PACKAGE_STRING "PFFT 1.0.8-alpha"
| #define PACKAGE_BUGREPORT "michael.pippig@mathematik.tu-chemnitz.de"
| #define PACKAGE_URL "http://www.tu-chemnitz.de/~mpip/software/"
| #define PACKAGE "pfft"
| #define VERSION "1.0.8-alpha"
| #define PFFT_PREC_DOUBLE 1
| #define HAVE_MPI 1
| #define DISABLE_FORTRAN 1
| #define STDC_HEADERS 1
| #define HAVE_SYS_TYPES_H 1
| #define HAVE_SYS_STAT_H 1
| #define HAVE_STDLIB_H 1
| #define HAVE_STRING_H 1
| #define HAVE_MEMORY_H 1
| #define HAVE_STRINGS_H 1
| #define HAVE_INTTYPES_H 1
| #define HAVE_STDINT_H 1
| #define HAVE_UNISTD_H 1
| #define HAVE_DLFCN_H 1
| #define LT_OBJDIR ".libs/"
| #define HAVE_LIBM 1
| #define HAVE_OPENMP 1
| #define HAVE_LIBFFTW3 1
| #define HAVE_LIBFFTW3_THREADS 1
| #define HAVE_LIBFFTW3_MPI 1
| #define FFTW_PREFIX 
| /* end confdefs.h.  */
| #include <stdio.h>
| #ifdef HAVE_SYS_TYPES_H
| # include <sys/types.h>
| #endif
| #ifdef HAVE_SYS_STAT_H
| # include <sys/stat.h>
| #endif
| #ifdef STDC_HEADERS
| # include <stdlib.h>
| # include <stddef.h>
| #else
| # ifdef HAVE_STDLIB_H
| #  include <stdlib.h>
| # endif
| #endif
| #ifdef HAVE_STRING_H
| # if !defined STDC_HEADERS && defined HAVE_MEMORY_H
| #  include <memory.h>
| # endif
| # include <string.h>
| #endif
| #ifdef HAVE_STRINGS_H
| # include <strings.h>
| #endif
| #ifdef HAVE_INTTYPES_H
| # include <inttypes.h>
| #endif
| #ifdef HAVE_STDINT_H
| # include <stdint.h>
| #endif
| #ifdef HAVE_UNISTD_H
| # include <unistd.h>
| #endif
| #ifdef FC_DUMMY_MAIN
| #ifndef FC_DUMMY_MAIN_EQ_F77
| #  ifdef __cplusplus
|      extern "C"
| #  endif
|    int FC_DUMMY_MAIN() { return 1; }
| #endif
| #endif
| int
| main ()
| {
| if (sizeof ((ptrdiff_t)))
| 	    return 0;
|   ;
|   return 0;
| }
configure:20960: result: yes
configure:20972: checking for long double
configure:20972: mpicc -c -g3   -I/home/loayza/Documents/Research/cosmolattice/dependencies/MyLibs/include conftest.c >&5
configure:20972: $? = 0
configure:20972: mpicc -c -g3   -I/home/loayza/Documents/Research/cosmolattice/dependencies/MyLibs/include conftest.c >&5
conftest.c: In function 'main':
conftest.c:77:26: error: expected expression before ')' token
   77 | if (sizeof ((long double)))
      |                          ^
configure:20972: $? = 1
configure: failed program was:
| /* confdefs.h */
| #define PACKAGE_NAME "PFFT"
| #define PACKAGE_TARNAME "pfft"
| #define PACKAGE_VERSION "1.0.8-alpha"
| #define PACKAGE_STRING "PFFT 1.0.8-alpha"
| #define PACKAGE_BUGREPORT "michael.pippig@mathematik.tu-chemnitz.de"
| #define PACKAGE_URL "http://www.tu-chemnitz.de/~mpip/software/"
| #define PACKAGE "pfft"
| #define VERSION "1.0.8-alpha"
| #define PFFT_PREC_DOUBLE 1
| #define HAVE_MPI 1
| #define DISABLE_FORTRAN 1
| #define STDC_HEADERS 1
| #define HAVE_SYS_TYPES_H 1
| #define HAVE_SYS_STAT_H 1
| #define HAVE_STDLIB_H 1
| #define HAVE_STRING_H 1
| #define HAVE_MEMORY_H 1
| #define HAVE_STRINGS_H 1
| #define HAVE_INTTYPES_H 1
| #define HAVE_STDINT_H 1
| #define HAVE_UNISTD_H 1
| #define HAVE_DLFCN_H 1
| #define LT_OBJDIR ".libs/"
| #define HAVE_LIBM 1
| #define HAVE_OPENMP 1
| #define HAVE_LIBFFTW3 1
| #define HAVE_LIBFFTW3_THREADS 1
| #define HAVE_LIBFFTW3_MPI 1
| #define FFTW_PREFIX 
| #define HAVE_PTRDIFF_T 1
| /* end confdefs.h.  */
| #include <stdio.h>
| #ifdef HAVE_SYS_TYPES_H
| # include <sys/types.h>
| #endif
| #ifdef HAVE_SYS_STAT_H
| # include <sys/stat.h>
| #endif
| #ifdef STDC_HEADERS
| # include <stdlib.h>
| # include <stddef.h>
| #else
| # ifdef HAVE_STDLIB_H
| #  include <stdlib.h>
| # endif
| #endif
| #ifdef HAVE_STRING_H
| # if !defined STDC_HEADERS && defined HAVE_MEMORY_H
| #  include <memory.h>
| # endif
| # include <string.h>
| #endif
| #ifdef HAVE_STRINGS_H
| # include <strings.h>
| #endif
| #ifdef HAVE_INTTYPES_H
| # include <inttypes.h>
| #endif
| #ifdef HAVE_STDINT_H
| # include <stdint.h>
| #endif
| #ifdef HAVE_UNISTD_H
| # include <unistd.h>
| #endif
| #ifdef FC_DUMMY_MAIN
| #ifndef FC_DUMMY_MAIN_EQ_F77
| #  ifdef __cplusplus
|      extern "C"
| #  endif
|    int FC_DUMMY_MAIN() { return 1; }
| #endif
| #endif
| int
| main ()
| {
| if (sizeof ((long double)))
| 	    return 0;
|   ;
|   return 0;
| }
configure:20972: result: yes
configure:20990: checking size of ptrdiff_t
configure:20995: mpicc -o conftest -g3   -I/home/loayza/Documents/Research/cosmolattice/dependencies/MyLibs/include -L/home/loayza/Documents/Research/cosmolattice/dependencies/MyLibs/lib -L/home/loayza/Documents/Research/cosmolattice/dependencies/MyLibs/lib conftest.c -lm -lfftw3_mpi -lfftw3 >&5
configure:20995: $? = 0
configure:20995: ./conftest
configure:20995: $? = 0
configure:21009: result: 8
configure:21026: checking size of MPI_Fint
configure:21031: mpicc -o conftest -g3   -I/home/loayza/Documents/Research/cosmolattice/dependencies/MyLibs/include -L/home/loayza/Documents/Research/cosmolattice/dependencies/MyLibs/lib -L/home/loayza/Documents/Research/cosmolattice/dependencies/MyLibs/lib conftest.c -lm -lfftw3_mpi -lfftw3 >&5
configure:21031: $? = 0
configure:21031: ./conftest
configure:21031: $? = 0
configure:21046: result: 4
configure:21099: checking for library containing log
configure:21138: mpicc -o conftest -g3   -I/home/loayza/Documents/Research/cosmolattice/dependencies/MyLibs/include -L/home/loayza/Documents/Research/cosmolattice/dependencies/MyLibs/lib -L/home/loayza/Documents/Research/cosmolattice/dependencies/MyLibs/lib conftest.c -lm -lfftw3_mpi -lfftw3 >&5
conftest.c:43:6: warning: conflicting types for built-in function 'log'; expected 'double(double)' [-Wbuiltin-declaration-mismatch]
   43 | char log ();
      |      ^~~
conftest.c:1:1: note: 'log' is declared in header '<math.h>'
    1 | /* confdefs.h */
configure:21138: $? = 0
configure:21155: result: none required
configure:21186: checking for pdflatex
configure:21217: result: no
configure:21227: checking for makeindex
configure:21258: result: no
configure:21268: checking for bibtex
configure:21299: result: no
configure:21451: checking that generated files are newer than configure
configure:21457: result: done
configure:21523: creating ./config.status

## ---------------------- ##
## Running config.status. ##
## ---------------------- ##

This file was extended by PFFT config.status 1.0.8-alpha, which was
generated by GNU Autoconf 2.69.  Invocation command line was

  CONFIG_FILES    = 
  CONFIG_HEADERS  = 
  CONFIG_LINKS    = 
  CONFIG_COMMANDS = 
  $ ./config.status 

on fzulenovo

config.status:1226: creating doc/latexinc.sh
config.status:1226: creating Makefile
config.status:1226: creating pfft.pc
config.status:1226: creating api/pfft.f
config.status:1226: creating api/pfft.f03
config.status:1226: creating api/pfftl.f03
config.status:1226: creating kernel/Makefile
config.status:1226: creating util/Makefile
config.status:1226: creating api/Makefile
config.status:1226: creating gcell/Makefile
config.status:1226: creating tests/Makefile
config.status:1226: creating tests/fortran/Makefile
config.status:1226: creating tests/f03/Makefile
config.status:1226: creating doc/Makefile
config.status:1226: creating config.h
config.status:1226: creating fconfig.h
config.status:1486: executing depfiles commands
config.status:1486: executing libtool commands

## ---------------- ##
## Cache variables. ##
## ---------------- ##

ac_cv_build=x86_64-unknown-linux-gnu
ac_cv_c_compiler_gnu=yes
ac_cv_c_inline=inline
ac_cv_env_CC_set=set
ac_cv_env_CC_value=mpicc
ac_cv_env_CFLAGS_set=set
ac_cv_env_CFLAGS_value=-g3
ac_cv_env_CPPFLAGS_set=
ac_cv_env_CPPFLAGS_value=
ac_cv_env_CPP_set=
ac_cv_env_CPP_value=
ac_cv_env_FCFLAGS_set=
ac_cv_env_FCFLAGS_value=
ac_cv_env_FC_set=
ac_cv_env_FC_value=
ac_cv_env_LDFLAGS_set=set
ac_cv_env_LDFLAGS_value=-L/home/loayza/Documents/Research/cosmolattice/dependencies/MyLibs/lib
ac_cv_env_LIBS_set=set
ac_cv_env_LIBS_value='-lfftw3_mpi -lfftw3'
ac_cv_env_MPICC_set=
ac_cv_env_MPICC_value=
ac_cv_env_MPIFC_set=
ac_cv_env_MPIFC_value=
ac_cv_env_build_alias_set=
ac_cv_env_build_alias_value=
ac_cv_env_host_alias_set=
ac_cv_env_host_alias_value=
ac_cv_env_target_alias_set=
ac_cv_env_target_alias_value=
ac_cv_header_dlfcn_h=yes
ac_cv_header_fftw3_h=yes
ac_cv_header_fftw3_mpi_h=yes
ac_cv_header_inttypes_h=yes
ac_cv_header_memory_h=yes
ac_cv_header_stdc=yes
ac_cv_header_stdint_h=yes
ac_cv_header_stdlib_h=yes
ac_cv_header_string_h=yes
ac_cv_header_strings_h=yes
ac_cv_header_sys_stat_h=yes
ac_cv_header_sys_types_h=yes
ac_cv_header_unistd_h=yes
ac_cv_host=x86_64-unknown-linux-gnu
ac_cv_lib_fftw3___fftw_execute=yes
ac_cv_lib_fftw3_mpi___fftw_mpi_init=yes
ac_cv_lib_fftw3_threads___fftw_init_threads=yes
ac_cv_lib_m_sincos=yes
ac_cv_objext=o
ac_cv_path_BIBTEX=no
ac_cv_path_EGREP='/usr/bin/grep -E'
ac_cv_path_FGREP='/usr/bin/grep -F'
ac_cv_path_GREP=/usr/bin/grep
ac_cv_path_MAKEINDEX=no
ac_cv_path_PDFLATEX=no
ac_cv_path_SED=/usr/bin/sed
ac_cv_path_install='/usr/bin/install -c'
ac_cv_prog_AWK=gawk
ac_cv_prog_CPP='mpicc -E'
ac_cv_prog_ac_ct_AR=ar
ac_cv_prog_ac_ct_CC=mpicc
ac_cv_prog_ac_ct_MANIFEST_TOOL=mt
ac_cv_prog_ac_ct_OBJDUMP=objdump
ac_cv_prog_ac_ct_RANLIB=ranlib
ac_cv_prog_ac_ct_STRIP=strip
ac_cv_prog_cc_c89=
ac_cv_prog_cc_c99=
ac_cv_prog_cc_g=yes
ac_cv_prog_make_make_set=yes
ac_cv_search_log='none required'
ac_cv_sizeof_MPI_Fint=4
ac_cv_sizeof_ptrdiff_t=8
ac_cv_type_long_double=yes
ac_cv_type_ptrdiff_t=yes
am_cv_CC_dependencies_compiler_type=gcc3
am_cv_make_support_nested_variables=yes
ax_cv_c_openmp=-fopenmp
lt_cv_ar_at_file=@
lt_cv_deplibs_check_method=pass_all
lt_cv_file_magic_cmd='$MAGIC_CMD'
lt_cv_file_magic_test_file=
lt_cv_ld_reload_flag=-r
lt_cv_nm_interface='BSD nm'
lt_cv_objdir=.libs
lt_cv_path_LD=/usr/bin/x86_64-linux-gnu-ld
lt_cv_path_NM='/usr/bin/nm -B'
lt_cv_path_mainfest_tool=no
lt_cv_prog_compiler_c_o=yes
lt_cv_prog_compiler_pic='-fPIC -DPIC'
lt_cv_prog_compiler_pic_works=yes
lt_cv_prog_compiler_rtti_exceptions=no
lt_cv_prog_compiler_static_works=yes
lt_cv_prog_gnu_ld=yes
lt_cv_sharedlib_from_linklib_cmd='printf %s\n'
lt_cv_shlibpath_overrides_runpath=yes
lt_cv_sys_global_symbol_pipe='sed -n -e '\''s/^.*[	 ]\([ABCDGIRSTW][ABCDGIRSTW]*\)[	 ][	 ]*\([_A-Za-z][_A-Za-z0-9]*\)$/\1 \2 \2/p'\'' | sed '\''/ __gnu_lto/d'\'''
lt_cv_sys_global_symbol_to_c_name_address='sed -n -e '\''s/^: \([^ ]*\)[ ]*$/  {\"\1\", (void *) 0},/p'\'' -e '\''s/^[ABCDGIRSTW]* \([^ ]*\) \([^ ]*\)$/  {"\2", (void *) \&\2},/p'\'''
lt_cv_sys_global_symbol_to_c_name_address_lib_prefix='sed -n -e '\''s/^: \([^ ]*\)[ ]*$/  {\"\1\", (void *) 0},/p'\'' -e '\''s/^[ABCDGIRSTW]* \([^ ]*\) \(lib[^ ]*\)$/  {"\2", (void *) \&\2},/p'\'' -e '\''s/^[ABCDGIRSTW]* \([^ ]*\) \([^ ]*\)$/  {"lib\2", (void *) \&\2},/p'\'''
lt_cv_sys_global_symbol_to_cdecl='sed -n -e '\''s/^T .* \(.*\)$/extern int \1();/p'\'' -e '\''s/^[ABCDGIRSTW]* .* \(.*\)$/extern char \1;/p'\'''
lt_cv_sys_max_cmd_len=1572864
lt_cv_to_host_file_cmd=func_convert_file_noop
lt_cv_to_tool_file_cmd=func_convert_file_noop

## ----------------- ##
## Output variables. ##
## ----------------- ##

ACLOCAL='${SHELL} /home/loayza/Documents/Research/cosmolattice/dependencies/MyLibs/pfft-1.0.8-alpha/build-aux/missing aclocal-1.13'
AMDEPBACKSLASH='\'
AMDEP_FALSE='#'
AMDEP_TRUE=''
AMTAR='$${TAR-tar}'
AM_BACKSLASH='\'
AM_DEFAULT_V='$(AM_DEFAULT_VERBOSITY)'
AM_DEFAULT_VERBOSITY='1'
AM_V='$(V)'
AR='ar'
AS='as'
AUTOCONF='${SHELL} /home/loayza/Documents/Research/cosmolattice/dependencies/MyLibs/pfft-1.0.8-alpha/build-aux/missing autoconf'
AUTOHEADER='${SHELL} /home/loayza/Documents/Research/cosmolattice/dependencies/MyLibs/pfft-1.0.8-alpha/build-aux/missing autoheader'
AUTOMAKE='${SHELL} /home/loayza/Documents/Research/cosmolattice/dependencies/MyLibs/pfft-1.0.8-alpha/build-aux/missing automake-1.13'
AWK='gawk'
BIBTEX='no'
CC='mpicc'
CCDEPMODE='depmode=gcc3'
CFLAGS='-g3 '
CPP='mpicc -E'
CPPFLAGS=' -I/home/loayza/Documents/Research/cosmolattice/dependencies/MyLibs/include'
CYGPATH_W='echo'
C_MPI_FINT='C_INT32_T'
DEFS='-DHAVE_CONFIG_H'
DEPDIR='.deps'
DLLTOOL='false'
DOUBLE_FALSE='#'
DOUBLE_TRUE=''
DSYMUTIL=''
DUMPBIN=''
ECHO_C=''
ECHO_N='-n'
ECHO_T=''
EGREP='/usr/bin/grep -E'
ENABLE_DOC_FALSE='#'
ENABLE_DOC_TRUE=''
ENABLE_FORTRAN_FALSE=''
ENABLE_FORTRAN_TRUE='#'
ENABLE_HEADER_INSTALL_FALSE='#'
ENABLE_HEADER_INSTALL_TRUE=''
ENABLE_LIBRARY_INSTALL_FALSE='#'
ENABLE_LIBRARY_INSTALL_TRUE=''
ENABLE_TESTS_FALSE='#'
ENABLE_TESTS_TRUE=''
EXEEXT=''
FC=''
FCCPPFLAGS='  -I/home/loayza/Documents/Research/cosmolattice/dependencies/MyLibs/include'
FCDEFS=''
FCFLAGS=''
FCFLAGS_F90=''
FCFLAGS_F=''
FCLIBS=''
FC_DEFINE=''
FC_MODEXT=''
FC_MODINC=''
FGREP='/usr/bin/grep -F'
GREP='/usr/bin/grep'
HAVE_LATEX_FALSE=''
HAVE_LATEX_TRUE='#'
HAVE_THREADS_FALSE=''
HAVE_THREADS_TRUE='#'
INSTALL_DATA='${INSTALL} -m 644'
INSTALL_PROGRAM='${INSTALL}'
INSTALL_SCRIPT='${INSTALL}'
INSTALL_STRIP_PROGRAM='$(install_sh) -c -s'
LD='/usr/bin/x86_64-linux-gnu-ld -m elf_x86_64'
LDFLAGS='-L/home/loayza/Documents/Research/cosmolattice/dependencies/MyLibs/lib -L/home/loayza/Documents/Research/cosmolattice/dependencies/MyLibs/lib'
LDOUBLE_FALSE=''
LDOUBLE_TRUE='#'
LIBOBJS=''
LIBS='-lm -lfftw3_mpi -lfftw3'
LIBTOOL='$(SHELL) $(top_builddir)/libtool'
LIBTOOL_DEPS='build-aux/ltmain.sh'
LIPO=''
LN_S='ln -s'
LTLIBOBJS=''
MAKEINDEX='no'
MAKEINFO='${SHELL} /home/loayza/Documents/Research/cosmolattice/dependencies/MyLibs/pfft-1.0.8-alpha/build-aux/missing makeinfo'
MANIFEST_TOOL=':'
MKDIR_P='build-aux/install-sh -c -d'
MPICC=''
MPIFC=''
NM='/usr/bin/nm -B'
NMEDIT=''
OBJDUMP='objdump'
OBJEXT='o'
OTOOL64=''
OTOOL=''
PACKAGE='pfft'
PACKAGE_BUGREPORT='michael.pippig@mathematik.tu-chemnitz.de'
PACKAGE_NAME='PFFT'
PACKAGE_STRING='PFFT 1.0.8-alpha'
PACKAGE_TARNAME='pfft'
PACKAGE_URL='http://www.tu-chemnitz.de/~mpip/software/'
PACKAGE_VERSION='1.0.8-alpha'
PATH_SEPARATOR=':'
PDFLATEX='no'
PFFT_PREFIX=''
PRECISION='d'
PREC_SUFFIX=''
PRTDIAG=''
PTRDIFF_T_KIND='8'
RANLIB='ranlib'
SED='/usr/bin/sed'
SET_MAKE=''
SHARED_VERSION_INFO='0:0:0'
SHELL='/bin/bash'
SINGLE_FALSE=''
SINGLE_TRUE='#'
STRIP='strip'
VERSION='1.0.8-alpha'
ac_ct_AR='ar'
ac_ct_CC='mpicc'
ac_ct_DUMPBIN=''
ac_ct_FC=''
ac_empty=''
am__EXEEXT_FALSE=''
am__EXEEXT_TRUE='#'
am__fastdepCC_FALSE='#'
am__fastdepCC_TRUE=''
am__include='include'
am__isrc=''
am__leading_dot='.'
am__nodep='_no'
am__quote=''
am__tar='$${TAR-tar} chof - "$$tardir"'
am__untar='$${TAR-tar} xf -'
bindir='${exec_prefix}/bin'
build='x86_64-unknown-linux-gnu'
build_alias=''
build_cpu='x86_64'
build_os='linux-gnu'
build_vendor='unknown'
datadir='${datarootdir}'
datarootdir='${prefix}/share'
docdir='${datarootdir}/doc/${PACKAGE_TARNAME}'
dvidir='${docdir}'
exec_prefix='${prefix}'
fftw3_CPPFLAGS='-I/home/loayza/Documents/Research/cosmolattice/dependencies/MyLibs/include'
fftw3_LDFLAGS='-L/home/loayza/Documents/Research/cosmolattice/dependencies/MyLibs/lib'
fftw3_LIBS='-lfftw3'
fftw3_PREFIX=''
fftw3_mpi_LIBS='-lfftw3_mpi'
fftw3_threads_LIBS='-lfftw3_threads'
host='x86_64-unknown-linux-gnu'
host_alias=''
host_cpu='x86_64'
host_os='linux-gnu'
host_vendor='unknown'
htmldir='${docdir}'
includedir='${prefix}/include'
infodir='${datarootdir}/info'
install_sh='${SHELL} /home/loayza/Documents/Research/cosmolattice/dependencies/MyLibs/pfft-1.0.8-alpha/build-aux/install-sh'
libdir='${exec_prefix}/lib'
libexecdir='${exec_prefix}/libexec'
localedir='${datarootdir}/locale'
localstatedir='${prefix}/var'
mandir='${datarootdir}/man'
mkdir_p='$(MKDIR_P)'
oldincludedir='/usr/include'
pdfdir='${docdir}'
prefix='/home/loayza/Documents/Research/cosmolattice/dependencies/MyLibs'
program_transform_name='s,x,x,'
psdir='${docdir}'
sbindir='${exec_prefix}/sbin'
sharedstatedir='${prefix}/com'
sysconfdir='${prefix}/etc'
target_alias=''

## ----------- ##
## confdefs.h. ##
## ----------- ##

/* confdefs.h */
#define PACKAGE_NAME "PFFT"
#define PACKAGE_TARNAME "pfft"
#define PACKAGE_VERSION "1.0.8-alpha"
#define PACKAGE_STRING "PFFT 1.0.8-alpha"
#define PACKAGE_BUGREPORT "michael.pippig@mathematik.tu-chemnitz.de"
#define PACKAGE_URL "http://www.tu-chemnitz.de/~mpip/software/"
#define PACKAGE "pfft"
#define VERSION "1.0.8-alpha"
#define PFFT_PREC_DOUBLE 1
#define HAVE_MPI 1
#define DISABLE_FORTRAN 1
#define STDC_HEADERS 1
#define HAVE_SYS_TYPES_H 1
#define HAVE_SYS_STAT_H 1
#define HAVE_STDLIB_H 1
#define HAVE_STRING_H 1
#define HAVE_MEMORY_H 1
#define HAVE_STRINGS_H 1
#define HAVE_INTTYPES_H 1
#define HAVE_STDINT_H 1
#define HAVE_UNISTD_H 1
#define HAVE_DLFCN_H 1
#define LT_OBJDIR ".libs/"
#define HAVE_LIBM 1
#define HAVE_OPENMP 1
#define HAVE_LIBFFTW3 1
#define HAVE_LIBFFTW3_THREADS 1
#define HAVE_LIBFFTW3_MPI 1
#define FFTW_PREFIX 
#define HAVE_PTRDIFF_T 1
#define HAVE_LONG_DOUBLE 1
#define SIZEOF_PTRDIFF_T 8
#define SIZEOF_MPI_FINT 4

configure: exit 0
